MPLINK 5.08, LINKER
Linker Map File - Created Tue Dec 13 10:55:09 2016

                                 Section Info
                  Section       Type    Address   Location Size(Bytes)
                ---------  ---------  ---------  ---------  ---------
                   .org_0       code   0x000000    program   0x00002e
                   .cinit    romdata   0x00002e    program   0x000002
.config_300001_BUILD/DEFAULT/PRODUCTION/USOADC.    romdata   0x300001    program   0x000001
.config_300002_BUILD/DEFAULT/PRODUCTION/USOADC.    romdata   0x300002    program   0x000001
.config_300003_BUILD/DEFAULT/PRODUCTION/USOADC.    romdata   0x300003    program   0x000001
.config_300005_BUILD/DEFAULT/PRODUCTION/USOADC.    romdata   0x300005    program   0x000001
.config_300006_BUILD/DEFAULT/PRODUCTION/USOADC.    romdata   0x300006    program   0x000001



                              Program Memory Usage 
                               Start         End      
                           ---------   ---------      
                            0x000000    0x00002f      
                            0x300001    0x300003      
                            0x300005    0x300006      
            53 out of 33048 program addresses used, program memory utilization is 0%



                              Symbols - Sorted by Name
                     Name    Address   Location    Storage File                     
                ---------  ---------  ---------  --------- ---------                
                    BUCLE   0x000016    program     static D:\MPLABXProjects\Practicas_curso_basico\4_usodelADC.X\usoADC.asm
                   INICIO   0x000004    program     static D:\MPLABXProjects\Practicas_curso_basico\4_usodelADC.X\usoADC.asm



                              Symbols - Sorted by Address
                     Name    Address   Location    Storage File                     
                ---------  ---------  ---------  --------- ---------                
                   INICIO   0x000004    program     static D:\MPLABXProjects\Practicas_curso_basico\4_usodelADC.X\usoADC.asm
                    BUCLE   0x000016    program     static D:\MPLABXProjects\Practicas_curso_basico\4_usodelADC.X\usoADC.asm


